27a28
> ERROR (No room)
52c53
< The room is empty!
---
> 
67c68
< OK
---
> ERROR (user not in room)
76c77
< OK
---
> ERROR (user not in room)
85,87c86
< 0 superman Hi everybody!
< 1 superman Welcome to java-programming!
< 
---
> ERROR (User not in room)
92c91
< 
---
> ERROR (User not in room)
97c96
< 
---
> NO-NEW-MESSAGES
106c105
< 
---
> ERROR (User not in room)
